// Jest Snapshot v1, https://goo.gl/fbAQLP

exports[`renders yobota table body component 1`] = `
<div
  className="sc-bdfBwQ Dptgt"
/>
`;
